2024-10-30 16:05:14,018 - __main__ - INFO - Flask application has started.
2024-10-30 16:05:14,019 - __main__ - ERROR - SDK library not found at /workspace/Software_ShapeDriveG4_SDK_Linux/Sensor3D/lib/libSensor3D.so
2024-10-30 16:05:16,955 - __main__ - INFO - Flask application has started.
2024-10-30 16:05:16,956 - __main__ - ERROR - SDK library not found at /workspace/Software_ShapeDriveG4_SDK_Linux/Sensor3D/lib/libSensor3D.so
2024-10-30 16:08:02,840 - __main__ - WARNING - Attempted to disconnect scanner, but scanner instance is None.
2024-10-30 16:08:02,849 - __main__ - INFO - Scanner disconnected on application shutdown.
2024-10-30 16:08:08,288 - __main__ - INFO - Flask application has started.
2024-10-30 16:08:08,289 - __main__ - ERROR - SDK library not found at /workspace/Software_ShapeDriveG4_SDK_Linux/Sensor3D/lib/libSensor3D.so
2024-10-30 16:08:11,743 - __main__ - WARNING - Attempted to disconnect scanner, but scanner instance is None.
2024-10-30 16:08:11,745 - __main__ - INFO - Scanner disconnected on application shutdown.
2024-10-30 16:09:11,725 - __main__ - INFO - Flask application has started.
2024-10-30 16:09:11,726 - __main__ - ERROR - SDK library not found at /workspace/Software_ShapeDriveG4_SDK_Linux/Sensor3D/lib/libSensor3D.so
2024-10-30 16:09:14,412 - __main__ - INFO - Flask application has started.
2024-10-30 16:09:14,413 - __main__ - ERROR - SDK library not found at /workspace/Software_ShapeDriveG4_SDK_Linux/Sensor3D/lib/libSensor3D.so
2024-10-30 16:13:18,419 - __main__ - WARNING - Attempted to disconnect scanner, but scanner instance is None.
2024-10-30 16:13:18,426 - __main__ - INFO - Scanner disconnected on application shutdown.
2024-10-30 16:14:56,298 - __main__ - INFO - Flask application has started.
2024-10-30 16:14:56,299 - __main__ - ERROR - SDK library not found at /workspace/Software_ShapeDriveG4_SDK_Linux/Sensor3D/lib/libSensor3D.so
2024-10-30 16:14:59,756 - __main__ - INFO - Flask application has started.
2024-10-30 16:14:59,758 - __main__ - ERROR - SDK library not found at /workspace/Software_ShapeDriveG4_SDK_Linux/Sensor3D/lib/libSensor3D.so
2024-10-30 16:15:16,653 - __main__ - WARNING - Attempted to disconnect scanner, but scanner instance is None.
2024-10-30 16:15:16,655 - __main__ - INFO - Scanner disconnected on application shutdown.
2024-10-30 16:16:05,801 - __main__ - INFO - Flask application has started.
2024-10-30 16:16:05,815 - __main__ - ERROR - SDK library not found at /workspace/Software_ShapeDriveG4_SDK_Linux/Sensor3D/lib/libSensor3D.so
2024-10-30 16:16:09,314 - __main__ - INFO - Flask application has started.
2024-10-30 16:16:09,315 - __main__ - ERROR - SDK library not found at /workspace/Software_ShapeDriveG4_SDK_Linux/Sensor3D/lib/libSensor3D.so
2024-10-30 16:16:21,666 - __main__ - WARNING - Attempted to disconnect scanner, but scanner instance is None.
2024-10-30 16:16:21,673 - __main__ - INFO - Scanner disconnected on application shutdown.
2024-10-30 16:22:00,675 - __main__ - INFO - Flask application has started.
2024-10-30 16:22:00,676 - __main__ - ERROR - SDK library not found at /workspace/Software_ShapeDriveG4_SDK_Linux/Sensor3D/lib/libSensor3D.so
2024-10-30 16:22:02,931 - __main__ - INFO - Flask application has started.
2024-10-30 16:22:02,932 - __main__ - ERROR - SDK library not found at /workspace/Software_ShapeDriveG4_SDK_Linux/Sensor3D/lib/libSensor3D.so
2024-10-30 16:22:11,588 - __main__ - INFO - Rendering the index page.
2024-10-30 16:22:11,930 - __main__ - WARNING - Reduced point cloud not found at /workspace/output/reduced_point_cloud.ply
2024-10-30 16:22:54,104 - __main__ - INFO - Rendering the index page.
2024-10-30 16:22:54,534 - __main__ - WARNING - Reduced point cloud not found at /workspace/output/reduced_point_cloud.ply
2024-10-30 16:23:05,362 - __main__ - INFO - Rendering the index page.
2024-10-30 16:23:05,532 - __main__ - WARNING - Reduced point cloud not found at /workspace/output/reduced_point_cloud.ply
2024-10-30 16:23:16,791 - __main__ - INFO - Rendering the index page.
2024-10-30 16:23:16,962 - __main__ - WARNING - Reduced point cloud not found at /workspace/output/reduced_point_cloud.ply
2024-10-30 16:23:20,647 - __main__ - WARNING - Attempted to disconnect scanner, but scanner instance is None.
2024-10-30 16:23:20,659 - __main__ - INFO - Scanner disconnected on application shutdown.
2024-10-30 16:23:24,412 - __main__ - INFO - Flask application has started.
2024-10-30 16:23:24,426 - scanner_interface - INFO - Successfully loaded library from /workspace/Software_ShapeDriveG4_SDK_Linux/Sensor3D/lib/libSensor3D.so
2024-10-30 16:23:24,427 - scanner_interface - INFO - Configured library functions successfully.
2024-10-30 16:23:24,427 - scanner_interface - INFO - Attempting to connect to the sensor.
2024-10-30 16:23:24,493 - scanner_interface - INFO - Connected to the sensor.
2024-10-30 16:23:24,654 - __main__ - INFO - Configuration Manager initialized successfully.
2024-10-30 16:23:27,199 - __main__ - INFO - Flask application has started.
2024-10-30 16:23:27,206 - scanner_interface - INFO - Successfully loaded library from /workspace/Software_ShapeDriveG4_SDK_Linux/Sensor3D/lib/libSensor3D.so
2024-10-30 16:23:27,206 - scanner_interface - INFO - Configured library functions successfully.
2024-10-30 16:23:27,206 - scanner_interface - INFO - Attempting to connect to the sensor.
2024-10-30 16:23:27,269 - scanner_interface - INFO - Connected to the sensor.
2024-10-30 16:23:27,434 - __main__ - INFO - Configuration Manager initialized successfully.
2024-10-30 16:23:27,461 - __main__ - INFO - Rendering the index page.
2024-10-30 16:23:27,630 - __main__ - INFO - Configurations read successfully.
2024-10-30 16:23:27,819 - __main__ - WARNING - Reduced point cloud not found at /workspace/output/reduced_point_cloud.ply
2024-10-30 16:23:49,538 - __main__ - INFO - Starting scan with 1 scan(s).
2024-10-30 16:23:49,550 - scanner_interface - INFO - Acquisition started successfully.
2024-10-30 16:23:49,552 - __main__ - INFO - Rendering the index page.
2024-10-30 16:23:49,552 - scanner_interface - INFO - Camera dimensions: width=4096, height=3000
2024-10-30 16:23:49,689 - scanner_interface - INFO - Attempting to acquire scan 1/1.
2024-10-30 16:23:51,336 - __main__ - INFO - Scan stopped successfully.
2024-10-30 16:23:51,341 - __main__ - INFO - Rendering the index page.
2024-10-30 16:23:53,143 - __main__ - INFO - Configurations read successfully.
2024-10-30 16:23:53,678 - __main__ - INFO - Configurations read successfully.
2024-10-30 16:23:53,988 - __main__ - WARNING - Reduced point cloud not found at /workspace/output/reduced_point_cloud.ply
2024-10-30 16:23:54,496 - scanner_interface - INFO - Disconnected from the sensor.
2024-10-30 16:23:54,499 - __main__ - INFO - Scanner disconnected.
2024-10-30 16:23:54,499 - __main__ - INFO - Scanner disconnected on application shutdown.
2024-10-30 16:24:05,831 - __main__ - INFO - Flask application has started.
2024-10-30 16:24:05,842 - scanner_interface - INFO - Successfully loaded library from /workspace/Software_ShapeDriveG4_SDK_Linux/Sensor3D/lib/libSensor3D.so
2024-10-30 16:24:05,843 - scanner_interface - INFO - Configured library functions successfully.
2024-10-30 16:24:05,843 - scanner_interface - INFO - Attempting to connect to the sensor.
2024-10-30 16:24:05,908 - scanner_interface - INFO - Connected to the sensor.
2024-10-30 16:24:06,046 - __main__ - INFO - Configuration Manager initialized successfully.
2024-10-30 16:24:08,562 - __main__ - INFO - Flask application has started.
2024-10-30 16:24:08,569 - scanner_interface - INFO - Successfully loaded library from /workspace/Software_ShapeDriveG4_SDK_Linux/Sensor3D/lib/libSensor3D.so
2024-10-30 16:24:08,570 - scanner_interface - INFO - Configured library functions successfully.
2024-10-30 16:24:08,570 - scanner_interface - INFO - Attempting to connect to the sensor.
2024-10-30 16:24:08,620 - scanner_interface - INFO - Connected to the sensor.
2024-10-30 16:24:08,909 - __main__ - INFO - Configuration Manager initialized successfully.
2024-10-30 16:24:29,192 - __main__ - INFO - Rendering the index page.
2024-10-30 16:24:29,395 - __main__ - INFO - Configurations read successfully.
2024-10-30 16:24:29,564 - __main__ - WARNING - Reduced point cloud not found at /workspace/output/reduced_point_cloud.ply
